     1                                  ;Se dau doua numere naturale a si b (a, b: dword, definite in segmentul de date). 
     2                                  ;Sa se calculeze suma lor si sa se afiseze in urmatorul format: "<a> + <b> = <result>"
     3                                  ;Exemplu: "1 + 2 = 3"
     4                                  ;Valorile vor fi afisate in format decimal (baza 10) cu semn.
     5                                  bits 32 ; assembling for the 32 bits architecture
     6                                  
     7                                  ; declare the EntryPoint (a label defining the very first instruction of the program)
     8                                  global start        
     9                                  
    10                                  ; declare external functions needed by our program
    11                                  extern exit, printf               ; tell nasm that exit exists even if we won't be defining it
    12                                  import exit msvcrt.dll    ; exit is a function that ends the calling process. It is defined in msvcrt.dll
    13                                                            ; msvcrt.dll contains exit, printf and all the other important C-runtime specific functions
    14                                  import printf msvcrt.dll
    15                                  ; our data is declared here (the variables needed by our program)
    16                                  segment data use32 class=data
    17 00000000 0C000000                    a dd 12
    18 00000004 0F000000                    b dd 15
    19 00000008 2564202B202564203D-         format db "%d + %d = %d"
    19 00000011 202564             
    20                                      
    21                                  ; our code starts here
    22                                  segment code use32 class=code
    23                                      start:
    24 00000000 A1[00000000]                    mov eax,[a]
    25 00000005 0305[04000000]                  add eax,[b]
    26                                          
    27 0000000B 50                              push eax
    28 0000000C FF35[04000000]                  push dword[b]
    29 00000012 FF35[00000000]                  push dword[a]
    30 00000018 68[08000000]                    push dword format
    31 0000001D FF15[00000000]                  call [printf]
    32 00000023 83C410                          add esp, 4*4
    33                                          
    34                                      
    35                                          ; exit(0)
    36 00000026 6A00                            push    dword 0      ; push the parameter for exit onto the stack
    37 00000028 FF15[00000000]                  call    [exit]       ; call exit to terminate the program
