     1                                  ;de calculat: 256*1
     2                                  ;a - word b - byte
     3                                  ;a = 256 , b = 1 rez: 256 * 1 = 256
     4                                  
     5                                  bits 32 ;asamblare si compilare pentru arhitectura de 32 biti
     6                                  ; definim punctul de intrare in programul principal
     7                                  global  start 
     8                                  
     9                                  extern  exit ; indicam asamblorului ca exit exista, chiar daca noi nu o vom defini
    10                                  import  exit msvcrt.dll; exit este o functie care incheie procesul, este definita in msvcrt.dll
    11                                          ; msvcrt.dll contine exit, printf si toate celelalte functii C-runtime importante
    12                                  segment  data use32 class=data ; segmentul de date in care se vor defini variabilele 
    13 00000000 0001                        a dw 256
    14 00000002 0100                        b dw 1
    15                                      
    16                                  segment  code use32 class=code ; segmentul de cod
    17                                  start: 
    18 00000000 66A1[02000000]              mov ax,[b]  ; al = b           1 = 1h
    19 00000006 66F725[00000000]            mul word[a] ; dx:ax = ax * a   256 = 100h
    20                                      
    21 0000000D 6A00                        push   dword 0 ;se pune pe stiva codul de retur al functiei exit
    22 0000000F FF15[00000000]          	call   [exit] ;apelul functiei sistem exit pentru terminarea executiei programului	
    23                                     
